================================================================================
🧪 验证 4 大缺陷专项修复效果
================================================================================

[验证 1: 消除负数坐标幻觉] Session: verify_coord_d380ca
Reply: 您好，我是水下多智能体任务决策系统。

根据您刚才的指令，我已将任务类型为“采油树控制面板插入”，并为您配置了“通用工作级深海机器人 250HP-001"作为执行设备，作业地点设定为“流花 1-1 油田”。

但在生成待确认任务时，系统检测到当前参数设置存在以下**硬性违规**，导致任务无法发布：

1.  **违规字段：任务结束时间**
    *   **违规原因**：作业规范强制要求任务结束时间必须晚于任务开始时间。
    *   **当前数据**：您设定的结束时间为 `2026-08-20 09:00:00`，早于设定的开始时间 `2026-08-20 15:00:00`。
    *   **处理建议**：请修正任务的时间窗口，确保结束时间晚于开始时间。

此外，由于该任务计划在未来执行（开始时间为 2026 年 8 月 20 日），系统已跳过当前的实时环境强校验，将在任务执行窗口期前自动核验设备状态与海况。

**请修正上述时间参数后，补充以下缺失的关键信息，以便完成任务配置：**

*   **作业水深**：请输入目标作业水深（米）。
*   **井口编号**：请输入具体操作的井口编号。
*   **携带工具**：请从以下标准列表中选择一个或多个（多选请用顿号分隔）：
    `['高清水下摄像机', 'LED 水下照明灯', '双目视觉模块', '三维视觉系统', '激光标尺', '多功能液压机械臂', '电液机械臂', '夹爪', '泄漏检测传感器', '前视声呐', '成像声呐', '多波束声呐', 'INS 惯性导航系统', 'DVL 多普勒测速仪', '深度传感器', '高度计']`
*   **支持船编号**：请从以下可用船只中选择一个：
    `['海洋石油 681', 'DSV-Oceanic', '海洋石油 286', '海洋石油 708']`

请提供修正后的时间及上述缺失信息，我将立即为您生成待确认任务。

✅ 已记录：任务类型：采油树控制面板插入；机器人类别：工作级ROV；机器人系列：通用工作级深海机器人；设备型号：通用工作级深海机器人 250HP；设备全称：通用工作级深海机器人250HP-001；具体机器人编号：WROV-250-001；开始时间：2026-08-20T15:00:00；结束时间：2026-08-20T09:00:00；油田名称：流花11-1油田；油田经纬度：{"lat":20.815,"lon":115.735}。
仍需补充：水深（米）、井口编号、携带工具、支持船编号。

⚠️ 软性警告 [C032] 未来任务环境与遥测延后校验提示
  任务计划开始时间为 2026-08-20 15:00:00，已识别为未来排期任务。 当前海流、浑浊度及机器人实时遥测已跳过即时强校验， 系统将在任务执行窗口期前（运行时）再行自动核验与设备状态绑定。
  ✅ 验证 1 PASS: 油田坐标成功绑定标准坐标 (20.815, 115.735)，无负数坐标幻觉！

[验证 2: 消除设备类别自身冲突] Session: verify_cls_conflict_35d4ab
Reply: 您好，SEAgent 水下多智能体任务决策系统已就绪。

关于您提出的“安排观察级 001 明天早上 8 点去陵水 17-2 的最深处 1550 米进行海底管缆埋设作业”的需求，系统已根据您的指令完成了部分参数的规范化处理。

**【本轮已确认信息】**
系统已成功将任务类型设定为“管缆埋设”，作业开始时间确认为 2026 年 08 月 17 日 08:00:00，水深设定为 1550 米，并初步匹配了具备管缆埋设能力的设备类别（特种工作级深海机器人 600HP）。

**【⚠️ 重要约束提醒】**
在任务发布前，系统检测到以下需您确认事项：
1. **设备型号不匹配**：您提到的“观察级 001"属于观察级 ROV，**不具备管缆埋设能力**。管缆埋设任务必须使用专用的管缆埋设机器人。系统已自动为您调整为能力匹配的型号“特种工作级深海机器人 600HP"，但需您确认是否接受此调整。
2. **具体机器人编号缺失**：虽然确定了设备型号，但尚未指定具体的作业单元编号。
3. **任务结束时间未定**：尚未设定作业结束时间。
4. **管缆类型未定**：尚未明确是海底油气管道、电力电缆还是光纤通信缆。
5. **作业结束点未定**：尚未设定管缆埋设的终点经纬度。
6. **携带工具未定**：尚未选择本次作业携带的具体载荷工具。
7. **支持船未定**：尚未指定母船编号。

**【需您确认与补充】**
请您确认是否接受上述“设备型号自动调整”的设定？若确认，请依次提供以下缺失的关键信息（可直接回复）：
- **具体机器人编号**（候选：`['SPECIAL-600-001']`）
- **任务结束时间**
- **管缆类型**（候选：`['海底油气管道', '电力电缆', '光纤通信缆']`）
- **结束点经纬度**（示例：北纬 19.8 度，东经 113.5 度）
- **携带工具**（候选：`['高清水下摄像机', 'LED 水下照明灯', '前视声呐', '成像声呐', 'TSS 管缆跟踪传感器', '高压水射流喷冲埋设模块', '海缆压埋装置', '埋深控制装置', '机械切割开沟模块', '海床地质探测设备', '云台摄像机', '多波束声呐', '滑橇组件', '履带组件']`）
- **支持船编号**（候选：`['海洋石油 681', 'DSV-Oceanic', '海洋石油 286', '海洋石油 708']`）

收到您的完整确认后，系统将生成待确认任务供您发布。

✅ 已记录：任务类型：管缆埋设；机器人类别：管缆埋设机器人；机器人系列：特种工作级深海机器人；设备型号：特种工作级深海机器人 600HP；开始时间：2026-08-17T08:00:00；起始点经纬度：{"lat":18.45,"lon":110.35}；水深（米）：1550.0。
⚠️ 未写入或仍需确认：具体机器人编号：Unknown fleet unit '观察级001'。
仍需补充：任务结束时间、管缆类型、结束点经纬度、具体机器人编号、携带工具、支持船编号。

⚠️ 软性警告 [C032] 未来任务环境与遥测延后校验提示
  任务计划开始时间为 2026-08-17 08:00:00，已识别为未来排期任务。 当前海流、浑浊度及机器人实时遥测已跳过即时强校验， 系统将在任务执行窗口期前（运行时）再行自动核验与设备状态绑定。
  ✅ 验证 2 PASS: 成功消除 '管缆埋设机器人' 自身冲突误报！

[验证 3: 已发布任务修改友好引导] Session: verify_post_pub_cf1cbb
Publish reply: ✅ 信息收集完成，当前为【未来规划任务】，已加入计划池。
{
  "task_type": "采油树控制面板插入",
  "task_type_key": "tree_valve_operation",
  "task_id": "CT-20260816-001",
  "intent_id": "TI2026081626",
  "internal_id": "57facd0b-1242-4383-9852-b4493c0cea45",
  "equipment_class": "工作级ROV",
  "equipment_family": "通用工作级深海机器人",
  "equipment_type": "通用工作级深海机器人 250HP",
  "equipment_name": "通用工作级深海机器人250HP-001",
  "equipment_unit_id": "WROV-250-001",
  "raw_oilfield_name": "流花11-1",
  "oilfield_match_status": "accepted",
  "oilfield_match_confidence": 1.0,
  "oilfield_match_evidence": [
    "命中标准名或别名“流花11-1油田”",
    "命中标准名或别名“流花11-1油田”",
    "命中标准名或别名“流花11-1”",
    "拼音相似“流花11 1”",
    "命中标准名或别名“流花11_1”",
    "数字段匹配“11-1”"
  ],
  "oilfield_match_candidates": [
    {
      "id": "liuhua_11_1",
      "name": "流花11-1油田",
      "confidence": 1.0,
      "evidence": [
        "命中标准名或别名“流花11-1油田”",
        "命中标准名或别名“流花11-1油田”",
        "命中标准名或别名“流花11-1”",
        "拼音相似“流花11 1”",
        "命中标准名或别名“流花11_1”",
        "数字段匹配“11-1”"
      ]
    }
  ],
  "oilfield_entity_id": "liuhua_11_1",
  "start_time": "2026-08-17T08:00:00",
  "end_time": "2026-08-17T16:00:00",
  "water_depth": 300.0,
  "oilfield_name": "流花11-1油田",
  "oilfield_coordinates": {
    "lat": 20.815,
    "lon": 115.735
  },
  "wellhead_id": "LH-01",
  "payload": [
    "高清水下摄像机",
    "电液机械臂"
  ],
  "support_vessel": "海洋石油681"
}
Post publish modification reply: 当前任务已正式确认发布（任务ID: TI2026081626）并归档，无法就地修改参数。如需调整，请点击“重新开始”创建新任务，或提交工单变更申请。
  ✅ 验证 3 PASS: 已发布任务就地修改返回明确友好的引导指引！

[验证 4: 管缆埋设载荷有效性] Session: verify_burial_payload_0badb6
Reply: 您好，SEAgent 水下多智能体任务决策系统已就绪。

根据您刚才的输入，系统已成功更新以下任务参数：
- **任务类型**：管缆埋设
- **作业设备**：特种工作级深海机器人 600HP-001 (编号 SPECIAL-600-001)
- **作业时间**：2026-08-16 10:43:19 至 15:43:19（即任务开始后 5 小时）
- **作业区域**：北纬 17.6 度至 17.7 度，东经 111.0 度至 111.1 度
- **水深**：300 米
- **管缆类型**：海底油气管道
- **携带载荷**：高压水射流喷冲埋设模块、前视声呐
- **支持船只**：海洋石油 681

⚠️ **当前存在一项软性约束警告，需要您确认处理方案**：

- **环境信息已过期**：作业区域的环境信息（海流、浑浊度、障碍物密度等）最后更新于 2026-08-12T16:00:09+08:00，已超出有效时间范围。系统无法实时反映当前海况，这可能影响作业安全评估。

**请选择您的操作意向：**
1. **更新环境信息**：由系统尝试重新获取最新环境数据（若系统具备自动刷新能力）或提示您确认是否忽略此风险继续生成任务草案。
2. **忽略警告**：确认已知晓环境数据可能存在时效性偏差，仍希望基于当前数据继续完成任务参数确认并发布。

请明确告知您希望如何处置此警告（例如：“忽略”或“更新”），确认后我们将继续进行后续步骤。

✅ 已记录：任务类型：管缆埋设；机器人类别：管缆埋设机器人；机器人系列：特种工作级深海机器人；设备型号：特种工作级深海机器人 600HP；设备全称：特种工作级深海机器人600HP-001；具体机器人编号：SPECIAL-600-001；开始时间：2026-08-16T10:43:19；结束时间：2026-08-16T15:43:19；管缆类型：海底油气管道；起始点经纬度：{"lat":17.6,"lon":111.0}；结束点经纬度：{"lat":17.7,"lon":111.1}；水深（米）：300.0；携带工具：["高压水射流喷冲埋设模块","前视声呐"]；支持船编号：海洋石油681。
所有必填字段已收集完成，任务尚未发布。
  ✅ 验证 4 PASS: 管缆埋设包含声呐与喷冲模块全部正确接收！
