================================================================================
🧪 验证 4 大缺陷专项修复效果
================================================================================

[验证 1: 消除负数坐标幻觉] Session: verify_coord_5dc3e2
Reply: 您好，SEAgent 水下多智能体任务决策系统已就绪。

关于您提出的“在流花 11-1 油田执行采油树控制面板插入任务”，系统已成功记录以下核心参数：
- **任务类型**：采油树控制面板插入
- **作业地点**：流花 11-1 油田（北纬 20.815 度，东经 115.735 度）
- **执行设备**：通用工作级深海机器人 250HP-001（工作级 ROV）
- **计划时间**：2026 年 8 月 20 日 15:00 至 **09:00**

⛔ **任务发布受阻：存在硬性违规**

非常抱歉，根据当前参数设置，该任务**无法发布**。系统检测到以下明确的参数违规，请您务必修改后再继续：

1.  **任务结束时间违规**：
    -   **具体问题**：任务结束时间（2026-08-20 09:00:00）早于任务开始时间（2026-08-20 15:00:00）。
    -   **约束要求**：任务结束时间必须严格晚于任务开始时间，以确保作业窗口逻辑合理。

**请修改任务的时间窗口（开始与结束时间），修正后系统将立即为您补充剩余的必要信息（如水深、井口编号及携带工具等），以便完成发布。**

✅ 已记录：任务类型：采油树控制面板插入；机器人类别：工作级ROV；机器人系列：通用工作级深海机器人；设备型号：通用工作级深海机器人 250HP；设备全称：通用工作级深海机器人250HP-001；具体机器人编号：WROV-250-001；开始时间：2026-08-20T15:00:00；结束时间：2026-08-20T09:00:00；油田名称：流花11-1油田；油田经纬度：{"lat":20.815,"lon":115.735}。
仍需补充：水深（米）、井口编号、携带工具、支持船编号。

⛔ 硬性违规 [C031] 任务结束时间必须晚于任务开始时间
  任务结束时间 2026-08-20 09:00:00 不得早于或等于任务开始时间 2026-08-20 15:00:00， 请修改任务时间窗口后再发布任务。

⚠️ 软性警告 [C032] 未来任务环境与遥测延后校验提示
  任务计划开始时间为 2026-08-20 15:00:00，已识别为未来排期任务。 当前海流、浑浊度及机器人实时遥测已跳过即时强校验， 系统将在任务执行窗口期前（运行时）再行自动核验与设备状态绑定。
  ✅ 验证 1 PASS: 油田坐标成功绑定标准坐标 (20.815, 115.735)，无负数坐标幻觉！

[验证 2: 消除设备类别自身冲突] Session: verify_cls_conflict_5fc527
Reply: 您好，SEAgent 水下多智能体任务决策系统已就绪。

根据您的需求，我已为您初步规划了“管缆埋设”任务，并自动匹配了任务类型、时间、起始位置及水深等相关参数。但在机器人选型环节，系统检测到您指定的“观察级 001"无法执行此项作业。

**⚠️ 系统约束警告**
为确保任务安全与合规，请务必关注以下情况：
1. **设备类型不匹配**：管缆埋设任务**只允许使用“管缆埋设机器人”**。您提到的“观察级 001"属于观察级设备，不具备埋设能力；且系统识别到的合法候选编号仅为 **SPECIAL-600-001**（特种工作级深海机器人 600HP）。
2. **未来任务环境校验延后**：任务开始时间为 2026 年 08 月 17 日（未来时间），当前海流、浑浊度及实时遥测已跳过即时强校验，系统将在任务执行窗口期前自动核验与设备状态绑定。

**请您确认或修改以下关键信息：**

1. **具体机器人编号**：
   系统自动匹配并推荐唯一可用的管缆埋设机器人：
   - `SPECIAL-600-001`
   （请确认是否使用该机器人）

2. **任务结束时间**：
   您计划何时结束作业？（格式如：2026-08-17T12:00:00）

3. **管缆类型**：
   请从以下选项中选择埋设的管缆类型：
   - `海底油气管道`
   - `电力电缆`
   - `光纤通信缆`

4. **结束点经纬度**：
   请在陵水 17-2 区域内指定具体的结束作业坐标（示例：北纬 19.8 度，东经 113.5 度）。

5. **携带工具**：
   请确认该机器人需要携带哪些作业载荷（可选多件，如：高清水下摄像机、高压水射流喷冲埋设模块等）：
   - 高清水下摄像机
   - LED 水下照明灯
   - 前视声呐
   - 成像声呐
   - TSS 管缆跟踪传感器
   - 高压水射流喷冲埋设模块
   - 海缆压埋装置
   - 埋深控制装置
   - 机械切割开沟模块
   - 海床地质探测设备
   - 云台摄像机
   - 多波束声呐
   - 滑橇组件
   - 履带组件

6. **支持船编号**：
   请选择支持该任务的水面母船：
   - `海洋石油 681`
   - `DSV-Oceanic`
   - `海洋石油 286`
   （注：海洋石油 708 当前不可用）

请补充上述缺失信息，以便我为您生成待确认的任务单。

✅ 已记录：任务类型：管缆埋设；机器人类别：管缆埋设机器人；机器人系列：特种工作级深海机器人；设备型号：特种工作级深海机器人 600HP；开始时间：2026-08-17T08:00:00；起始点经纬度：{"lat":18.45,"lon":110.35}；水深（米）：1550.0。
⚠️ 未写入或仍需确认：具体机器人编号：Unknown fleet unit '观察级001'。
仍需补充：任务结束时间、管缆类型、结束点经纬度、具体机器人编号、携带工具、支持船编号。

⚠️ 软性警告 [C032] 未来任务环境与遥测延后校验提示
  任务计划开始时间为 2026-08-17 08:00:00，已识别为未来排期任务。 当前海流、浑浊度及机器人实时遥测已跳过即时强校验， 系统将在任务执行窗口期前（运行时）再行自动核验与设备状态绑定。
  ✅ 验证 2 PASS: 成功消除 '管缆埋设机器人' 自身冲突误报！

[验证 3: 已发布任务修改友好引导] Session: verify_post_pub_28cddb
Reply: 您好，水下多智能体任务决策系统已收到您的指令，已将任务水深更新为 **200.0 米**。

**当前任务状态更新：**
- **任务类型**：采油树控制面板插入
- **作业区域**：流花 11-1 油田，井口 LH-01
- **作业时间**：2026-08-17 08:00:00 至 2026-08-17 16:00:00
- **执行设备**：通用工作级深海机器人 250HP-001 (WROV-250-001)
- **搭载载荷**：高清水下摄像机、电液机械臂
- **支持船只**：海洋石油 681
- **作业水深**：200.0 米（已更新）

**⛔ 任务发布前，发现以下硬性约束违规，任务暂时无法发布：**

1.  **设备状态违规**：
    *   **字段**：所选机器人（WROV-250-001）
    *   **原因**：该机器人当前总体状态为 `error`（不可用），系统已标记为故障状态，无法执行任何水下作业任务。
    *   **要求**：请立即更换为当前状态为“可用”的其他工作级 ROV 设备。

2.  **环境信息过期违规**：
    *   **字段**：当前作业环境数据
    *   **原因**：环境信息最后更新于 2026-08-16T00:14:02，已超出有效时间范围，无法反映实时海况，可能影响作业安全。
    *   **要求**：请重新确认或更新当前的环境信息（如海流、浑浊度等），以确保数据时效性后再继续。

**下一步操作指引：**
由于**设备状态不可用**是阻断任务发布的硬性条件，水深修改已完成但无法生效发布。请您优先处理设备更换：
请选择另一台状态正常（overall_status 为正常/可用）的**通用工作级深海机器人 250HP**（或其他符合“采油树控制面板插入”任务要求的工作级 ROV），并提供其设备编号或名称。

⛔ 硬性违规 [C020] 机器人总体状态可用性
  所选机器人 WROV-250-001 当前总体状态为不可用，无法执行任何水下作业任务。请更换其他可用机器人。

⚠️ 软性警告 [C019] 环境信息已过期
  环境信息最后更新于 2026-08-16T00:14:02.788752+08:00，已超出有效时间范围，无法反映实时海况，可能影响作业安全，请更新环境信息后再继续。

✅ 已记录：水深（米）：200.0。
所有必填字段已收集完成，任务尚未发布。

⚠️ 软性警告 [C032] 未来任务环境与遥测延后校验提示
  任务计划开始时间为 2026-08-17 08:00:00，已识别为未来排期任务。 当前海流、浑浊度及机器人实时遥测已跳过即时强校验， 系统将在任务执行窗口期前（运行时）再行自动核验与设备状态绑定。
Traceback (most recent call last):
  File "/root/mzy/seagent1.0-main_asr/verify_rectifications.py", line 80, in <module>
    test_rectifications()
  File "/root/mzy/seagent1.0-main_asr/verify_rectifications.py", line 61, in test_rectifications
    assert "已正式确认发布" in reply and "无法就地修改参数" in reply, "❌ 缺少已发布任务修改指引"
           ^^^^^^^^^^^^^^^^^^^^^^^^^^^^^^^^^^^^^^^^^^^^^^^^^^^^^^^^^
AssertionError: ❌ 缺少已发布任务修改指引
